---
source: tui/tests/suite/statusengine_snapshots.rs
assertion_line: 134
expression: result
---
▌                                                                                                                        ⏎ send   ⇧⏎ newline   ⌃T transcript   ⌃C quit
