---
source: tui/tests/suite/statusengine_snapshots.rs
assertion_line: 151
expression: result
---
â–Œ
