---
source: tui/tests/suite/statusengine_snapshots.rs
assertion_line: 169
expression: medium
---
▌                                                           ▌                                                            ⏎ send   ⇧⏎ newline   ⌃T transcript   ⌃C quit
