---
source: tui/tests/suite/statusengine_snapshots.rs
assertion_line: 110
expression: result
---
▌                                       ▌                                        ⏎ send   ⇧⏎ newline   ⌃T transcript   ⌃
