---
source: tui/tests/suite/statusengine_snapshots.rs
assertion_line: 166
expression: narrow
---
▌                             ▌                              ⏎ send   ⇧⏎ newline   ⌃T tran
