---
source: tui/tests/suite/statusengine_snapshots.rs
assertion_line: 121
expression: result
---
▌                                                                               ▌                                                                                ⏎ send   ⇧⏎ newline   ⌃T transcript   ⌃C quit
